components/admin/PropertyForm.tsx(82,9): error TS2322: Type 'Resolver<{ titulo: string; descricao: string; preco: unknown; tipo: "casa" | "apartamento" | "terreno" | "comercial" | "mansao" | "cobertura" | "loft"; bairro: string; cidade: string; estado: string; endereco: string; ... 10 more ...; status?: "ativo" | ... 4 more ... | undefined; }, any, { ...; }>' is not assignable to type 'Resolver<{ titulo: string; descricao: string; preco: number; tipo: "casa" | "apartamento" | "terreno" | "comercial" | "mansao" | "cobertura" | "loft"; tipo_negocio: "venda" | "aluguel" | "ambos"; ... 13 more ...; valor_iptu?: number | ... 1 more ... | undefined; }, any, { ...; }>'.
  Types of parameters 'options' and 'options' are incompatible.
    Type 'ResolverOptions<{ titulo: string; descricao: string; preco: number; tipo: "casa" | "apartamento" | "terreno" | "comercial" | "mansao" | "cobertura" | "loft"; tipo_negocio: "venda" | "aluguel" | "ambos"; ... 13 more ...; valor_iptu?: number | ... 1 more ... | undefined; }>' is not assignable to type 'ResolverOptions<{ titulo: string; descricao: string; preco: unknown; tipo: "casa" | "apartamento" | "terreno" | "comercial" | "mansao" | "cobertura" | "loft"; bairro: string; cidade: string; estado: string; endereco: string; ... 10 more ...; status?: "ativo" | ... 4 more ... | undefined; }>'.
      Types of property 'names' are incompatible.
        Type 'string[] | undefined' is not assignable to type '("status" | "titulo" | "descricao" | "tipo" | "tipo_negocio" | "valor_locacao" | "valor_condominio" | "valor_iptu" | "garantias" | "endereco" | "bairro" | "cidade" | "estado" | ... 5 more ... | "destaque")[] | undefined'.
          Type 'string[]' is not assignable to type '("status" | "titulo" | "descricao" | "tipo" | "tipo_negocio" | "valor_locacao" | "valor_condominio" | "valor_iptu" | "garantias" | "endereco" | "bairro" | "cidade" | "estado" | ... 5 more ... | "destaque")[]'.
            Type 'string' is not assignable to type '"status" | "titulo" | "descricao" | "tipo" | "tipo_negocio" | "valor_locacao" | "valor_condominio" | "valor_iptu" | "garantias" | "endereco" | "bairro" | "cidade" | "estado" | ... 5 more ... | "destaque"'.
components/admin/PropertyForm.tsx(83,9): error TS2322: Type '{ preco: number; quartos: number; suites: number; area_util: number; vagas_garagem: number; valor_locacao: number; valor_condominio: number; valor_iptu: number; tipo_negocio: any; status: any; ... 37 more ...; updated_at: string; } | { ...; }' is not assignable to type 'AsyncDefaultValues<{ titulo: string; descricao: string; preco: number; tipo: "casa" | "apartamento" | "terreno" | "comercial" | "mansao" | "cobertura" | "loft"; tipo_negocio: "venda" | "aluguel" | "ambos"; ... 13 more ...; valor_iptu?: number | ... 1 more ... | undefined; }> | { ...; } | undefined'.
  Type '{ preco: number; quartos: number; suites: number; area_util: number; vagas_garagem: number; valor_locacao: number; valor_condominio: number; valor_iptu: number; tipo_negocio: any; status: any; ... 37 more ...; updated_at: string; }' is not assignable to type 'AsyncDefaultValues<{ titulo: string; descricao: string; preco: number; tipo: "casa" | "apartamento" | "terreno" | "comercial" | "mansao" | "cobertura" | "loft"; tipo_negocio: "venda" | "aluguel" | "ambos"; ... 13 more ...; valor_iptu?: number | ... 1 more ... | undefined; }> | { ...; } | undefined'.
    Type '{ preco: number; quartos: number; suites: number; area_util: number; vagas_garagem: number; valor_locacao: number; valor_condominio: number; valor_iptu: number; tipo_negocio: any; status: any; ... 37 more ...; updated_at: string; }' is not assignable to type '{ titulo?: string | undefined; descricao?: string | undefined; preco?: number | undefined; tipo?: "casa" | "apartamento" | "terreno" | "comercial" | "mansao" | "cobertura" | "loft" | undefined; ... 14 more ...; valor_iptu?: number | ... 1 more ... | undefined; }'.
      Types of property 'descricao' are incompatible.
        Type 'string | null' is not assignable to type 'string | undefined'.
          Type 'null' is not assignable to type 'string | undefined'.
components/admin/PropertyForm.tsx(156,43): error TS2345: Argument of type '(values: { titulo: string; descricao: string; preco: number; tipo: "casa" | "apartamento" | "terreno" | "comercial" | "mansao" | "cobertura" | "loft"; tipo_negocio: "venda" | "aluguel" | "ambos"; ... 13 more ...; valor_iptu?: number | ... 1 more ... | undefined; }) => Promise<...>' is not assignable to parameter of type 'SubmitHandler<TFieldValues>'.
  Types of parameters 'values' and 'data' are incompatible.
    Type 'TFieldValues' is not assignable to type '{ titulo: string; descricao: string; preco: number; tipo: "casa" | "apartamento" | "terreno" | "comercial" | "mansao" | "cobertura" | "loft"; tipo_negocio: "venda" | "aluguel" | "ambos"; ... 13 more ...; valor_iptu?: number | ... 1 more ... | undefined; }'.
      Type 'FieldValues' is missing the following properties from type '{ titulo: string; descricao: string; preco: number; tipo: "casa" | "apartamento" | "terreno" | "comercial" | "mansao" | "cobertura" | "loft"; tipo_negocio: "venda" | "aluguel" | "ambos"; ... 13 more ...; valor_iptu?: number | ... 1 more ... | undefined; }': titulo, descricao, preco, tipo, and 12 more.
